
fib.elf:     file format elf32-tradbigmips


Disassembly of section .text:

00000000 <main>:
   0:	24080044 	li	t0,68
   4:	240d0074 	li	t5,116
   8:	8dad0000 	lw	t5,0(t5)
   c:	240a0001 	li	t2,1
  10:	ad0a0000 	sw	t2,0(t0)
  14:	ad0a0004 	sw	t2,4(t0)
  18:	21a9fffe 	addi	t1,t5,-2

0000001c <loop>:
  1c:	8d0b0000 	lw	t3,0(t0)
  20:	8d0c0004 	lw	t4,4(t0)
  24:	00000000 	nop
  28:	016c5020 	add	t2,t3,t4
  2c:	ad0a0008 	sw	t2,8(t0)
  30:	21080004 	addi	t0,t0,4
  34:	2129ffff 	addi	t1,t1,-1
  38:	1d20fff8 	bgtz	t1,1c <loop>
  3c:	00000000 	nop
  40:	feedfeed 	0xfeedfeed
	...
  74:	0000000c 	syscall
	...
